Archive member included to satisfy reference by file (symbol)

C:/ST/STM32CubeIDE_1.19.0/STM32CubeIDE/plugins/com.st.stm32cube.ide.mcu.externaltools.gnu-tools-for-stm32.13.3.rel1.win32_1.0.0.202411081344/tools/bin/../lib/gcc/arm-none-eabi/13.3.1/../../../../arm-none-eabi/lib/thumb/v7-m/nofp\libc_nano.a(libc_a-exit.o)
                              C:/ST/STM32CubeIDE_1.19.0/STM32CubeIDE/plugins/com.st.stm32cube.ide.mcu.externaltools.gnu-tools-for-stm32.13.3.rel1.win32_1.0.0.202411081344/tools/bin/../lib/gcc/arm-none-eabi/13.3.1/../../../../arm-none-eabi/lib/thumb/v7-m/nofp/crt0.o (exit)
C:/ST/STM32CubeIDE_1.19.0/STM32CubeIDE/plugins/com.st.stm32cube.ide.mcu.externaltools.gnu-tools-for-stm32.13.3.rel1.win32_1.0.0.202411081344/tools/bin/../lib/gcc/arm-none-eabi/13.3.1/../../../../arm-none-eabi/lib/thumb/v7-m/nofp\libc_nano.a(libc_a-findfp.o)
                              C:/ST/STM32CubeIDE_1.19.0/STM32CubeIDE/plugins/com.st.stm32cube.ide.mcu.externaltools.gnu-tools-for-stm32.13.3.rel1.win32_1.0.0.202411081344/tools/bin/../lib/gcc/arm-none-eabi/13.3.1/../../../../arm-none-eabi/lib/thumb/v7-m/nofp\libc_nano.a(libc_a-exit.o) (__stdio_exit_handler)
C:/ST/STM32CubeIDE_1.19.0/STM32CubeIDE/plugins/com.st.stm32cube.ide.mcu.externaltools.gnu-tools-for-stm32.13.3.rel1.win32_1.0.0.202411081344/tools/bin/../lib/gcc/arm-none-eabi/13.3.1/../../../../arm-none-eabi/lib/thumb/v7-m/nofp\libc_nano.a(libc_a-fwalk.o)
                              C:/ST/STM32CubeIDE_1.19.0/STM32CubeIDE/plugins/com.st.stm32cube.ide.mcu.externaltools.gnu-tools-for-stm32.13.3.rel1.win32_1.0.0.202411081344/tools/bin/../lib/gcc/arm-none-eabi/13.3.1/../../../../arm-none-eabi/lib/thumb/v7-m/nofp\libc_nano.a(libc_a-findfp.o) (_fwalk_sglue)
C:/ST/STM32CubeIDE_1.19.0/STM32CubeIDE/plugins/com.st.stm32cube.ide.mcu.externaltools.gnu-tools-for-stm32.13.3.rel1.win32_1.0.0.202411081344/tools/bin/../lib/gcc/arm-none-eabi/13.3.1/../../../../arm-none-eabi/lib/thumb/v7-m/nofp\libc_nano.a(libc_a-stdio.o)
                              C:/ST/STM32CubeIDE_1.19.0/STM32CubeIDE/plugins/com.st.stm32cube.ide.mcu.externaltools.gnu-tools-for-stm32.13.3.rel1.win32_1.0.0.202411081344/tools/bin/../lib/gcc/arm-none-eabi/13.3.1/../../../../arm-none-eabi/lib/thumb/v7-m/nofp\libc_nano.a(libc_a-findfp.o) (__sread)
C:/ST/STM32CubeIDE_1.19.0/STM32CubeIDE/plugins/com.st.stm32cube.ide.mcu.externaltools.gnu-tools-for-stm32.13.3.rel1.win32_1.0.0.202411081344/tools/bin/../lib/gcc/arm-none-eabi/13.3.1/../../../../arm-none-eabi/lib/thumb/v7-m/nofp\libc_nano.a(libc_a-memset.o)
                              C:/ST/STM32CubeIDE_1.19.0/STM32CubeIDE/plugins/com.st.stm32cube.ide.mcu.externaltools.gnu-tools-for-stm32.13.3.rel1.win32_1.0.0.202411081344/tools/bin/../lib/gcc/arm-none-eabi/13.3.1/../../../../arm-none-eabi/lib/thumb/v7-m/nofp/crt0.o (memset)
C:/ST/STM32CubeIDE_1.19.0/STM32CubeIDE/plugins/com.st.stm32cube.ide.mcu.externaltools.gnu-tools-for-stm32.13.3.rel1.win32_1.0.0.202411081344/tools/bin/../lib/gcc/arm-none-eabi/13.3.1/../../../../arm-none-eabi/lib/thumb/v7-m/nofp\libc_nano.a(libc_a-closer.o)
                              C:/ST/STM32CubeIDE_1.19.0/STM32CubeIDE/plugins/com.st.stm32cube.ide.mcu.externaltools.gnu-tools-for-stm32.13.3.rel1.win32_1.0.0.202411081344/tools/bin/../lib/gcc/arm-none-eabi/13.3.1/../../../../arm-none-eabi/lib/thumb/v7-m/nofp\libc_nano.a(libc_a-stdio.o) (_close_r)
C:/ST/STM32CubeIDE_1.19.0/STM32CubeIDE/plugins/com.st.stm32cube.ide.mcu.externaltools.gnu-tools-for-stm32.13.3.rel1.win32_1.0.0.202411081344/tools/bin/../lib/gcc/arm-none-eabi/13.3.1/../../../../arm-none-eabi/lib/thumb/v7-m/nofp\libc_nano.a(libc_a-reent.o)
                              C:/ST/STM32CubeIDE_1.19.0/STM32CubeIDE/plugins/com.st.stm32cube.ide.mcu.externaltools.gnu-tools-for-stm32.13.3.rel1.win32_1.0.0.202411081344/tools/bin/../lib/gcc/arm-none-eabi/13.3.1/../../../../arm-none-eabi/lib/thumb/v7-m/nofp\libc_nano.a(libc_a-closer.o) (errno)
C:/ST/STM32CubeIDE_1.19.0/STM32CubeIDE/plugins/com.st.stm32cube.ide.mcu.externaltools.gnu-tools-for-stm32.13.3.rel1.win32_1.0.0.202411081344/tools/bin/../lib/gcc/arm-none-eabi/13.3.1/../../../../arm-none-eabi/lib/thumb/v7-m/nofp\libc_nano.a(libc_a-impure.o)
                              C:/ST/STM32CubeIDE_1.19.0/STM32CubeIDE/plugins/com.st.stm32cube.ide.mcu.externaltools.gnu-tools-for-stm32.13.3.rel1.win32_1.0.0.202411081344/tools/bin/../lib/gcc/arm-none-eabi/13.3.1/../../../../arm-none-eabi/lib/thumb/v7-m/nofp\libc_nano.a(libc_a-reent.o) (_impure_ptr)
C:/ST/STM32CubeIDE_1.19.0/STM32CubeIDE/plugins/com.st.stm32cube.ide.mcu.externaltools.gnu-tools-for-stm32.13.3.rel1.win32_1.0.0.202411081344/tools/bin/../lib/gcc/arm-none-eabi/13.3.1/../../../../arm-none-eabi/lib/thumb/v7-m/nofp\libc_nano.a(libc_a-lseekr.o)
[...]
Memory Configuration

Name             Origin             Length             Attributes
RAM              0x20000000         0x00002800         xrw
FLASH            0x08000000         0x00008000         xr
*default*        0x00000000         0xffffffff

Linker script and memory map

LOAD C:/ST/STM32CubeIDE_1.19.0/STM32CubeIDE/plugins/com.st.stm32cube.ide.mcu.externaltools.gnu-tools-for-stm32.13.3.rel1.win32_1.0.0.202411081344/tools/bin/../lib/gcc/arm-none-eabi/13.3.1/thumb/v7-m/nofp/crti.o
LOAD C:/ST/STM32CubeIDE_1.19.0/STM32CubeIDE/plugins/com.st.stm32cube.ide.mcu.externaltools.gnu-tools-for-stm32.13.3.rel1.win32_1.0.0.202411081344/tools/bin/../lib/gcc/arm-none-eabi/13.3.1/thumb/v7-m/nofp/crtbegin.o
LOAD C:/ST/STM32CubeIDE_1.19.0/STM32CubeIDE/plugins/com.st.stm32cube.ide.mcu.externaltools.gnu-tools-for-stm32.13.3.rel1.win32_1.0.0.202411081344/tools/bin/../lib/gcc/arm-none-eabi/13.3.1/../../../../arm-none-eabi/lib/thumb/v7-m/nofp/crt0.o
LOAD ./Core/Src/TimerSoftware.o
LOAD ./Core/Src/exercise1.o
LOAD ./Core/Src/main.o
LOAD ./Core/Src/stm32f1xx_hal_msp.o
LOAD ./Core/Src/stm32f1xx_it.o
LOAD ./Core/Src/syscalls.o
LOAD ./Core/Src/sysmem.o
LOAD ./Core/Src/system_stm32f1xx.o
LOAD ./Core/Startup/startup_stm32f103c6tx.o
LOAD ./Drivers/STM32F1xx_HAL_Driver/Src/stm32f1xx_hal.o
LOAD ./Drivers/STM32F1xx_HAL_Driver/Src/stm32f1xx_hal_cortex.o
LOAD ./Drivers/STM32F1xx_HAL_Driver/Src/stm32f1xx_hal_dma.o
LOAD ./Drivers/STM32F1xx_HAL_Driver/Src/stm32f1xx_hal_exti.o
LOAD ./Drivers/STM32F1xx_HAL_Driver/Src/stm32f1xx_hal_flash.o
LOAD ./Drivers/STM32F1xx_HAL_Driver/Src/stm32f1xx_hal_flash_ex.o
LOAD ./Drivers/STM32F1xx_HAL_Driver/Src/stm32f1xx_hal_gpio.o
LOAD ./Drivers/STM32F1xx_HAL_Driver/Src/stm32f1xx_hal_gpio_ex.o
LOAD ./Drivers/STM32F1xx_HAL_Driver/Src/stm32f1xx_hal_pwr.o
LOAD ./Drivers/STM32F1xx_HAL_Driver/Src/stm32f1xx_hal_rcc.o
LOAD ./Drivers/STM32F1xx_HAL_Driver/Src/stm32f1xx_hal_rcc_ex.o
LOAD ./Drivers/STM32F1xx_HAL_Driver/Src/stm32f1xx_hal_tim.o
LOAD ./Drivers/STM32F1xx_HAL_Driver/Src/stm32f1xx_hal_tim_ex.o
START GROUP
LOAD C:/ST/STM32CubeIDE_1.19.0/STM32CubeIDE/plugins/com.st.stm32cube.ide.mcu.externaltools.gnu-tools-for-stm32.13.3.rel1.win32_1.0.0.202411081344/tools/bin/../lib/gcc/arm-none-eabi/13.3.1/../../../../arm-none-eabi/lib/thumb/v7-m/nofp\libc_nano.a
LOAD C:/ST/STM32CubeIDE_1.19.0/STM32CubeIDE/plugins/com.st.stm32cube.ide.mcu.externaltools.gnu-tools-for-stm32.13.3.rel1.win32_1.0.0.202411081344/tools/bin/../lib/gcc/arm-none-eabi/13.3.1/../../../../arm-none-eabi/lib/thumb/v7-m/nofp\libm.a
END GROUP
START GROUP
LOAD C:/ST/STM32CubeIDE_1.19.0/STM32CubeIDE/plugins/com.st.stm32cube.ide.mcu.externaltools.gnu-tools-for-stm32.13.3.rel1.win32_1.0.0.202411081344/tools/bin/../lib/gcc/arm-none-eabi/13.3.1/thumb/v7-m/nofp\libgcc.a
LOAD C:/ST/STM32CubeIDE_1.19.0/STM32CubeIDE/plugins/com.st.stm32cube.ide.mcu.externaltools.gnu-tools-for-stm32.13.3.rel1.win32_1.0.0.202411081344/tools/bin/../lib/gcc/arm-none-eabi/13.3.1/../../../../arm-none-eabi/lib/thumb/v7-m/nofp\libc_nano.a
END GROUP
START GROUP
LOAD C:/ST/STM32CubeIDE_1.19.0/STM32CubeIDE/plugins/com.st.stm32cube.ide.mcu.externaltools.gnu-tools-for-stm32.13.3.rel1.win32_1.0.0.202411081344/tools/bin/../lib/gcc/arm-none-eabi/13.3.1/thumb/v7-m/nofp\libgcc.a
LOAD C:/ST/STM32CubeIDE_1.19.0/STM32CubeIDE/plugins/com.st.stm32cube.ide.mcu.externaltools.gnu-tools-for-stm32.13.3.rel1.win32_1.0.0.202411081344/tools/bin/../lib/gcc/arm-none-eabi/13.3.1/../../../../arm-none-eabi/lib/thumb/v7-m/nofp\libc_nano.a
LOAD C:/ST/STM32CubeIDE_1.19.0/STM32CubeIDE/plugins/com.st.stm32cube.ide.mcu.externaltools.gnu-tools-for-stm32.13.3.rel1.win32_1.0.0.202411081344/tools/bin/../lib/gcc/arm-none-eabi/13.3.1/../../../../arm-none-eabi/lib/thumb/v7-m/nofp\libnosys.a
END GROUP
START GROUP
LOAD C:/ST/STM32CubeIDE_1.19.0/STM32CubeIDE/plugins/com.st.stm32cube.ide.mcu.externaltools.gnu-tools-for-stm32.13.3.rel1.win32_1.0.0.202411081344/tools/bin/../lib/gcc/arm-none-eabi/13.3.1/thumb/v7-m/nofp\libgcc.a
LOAD C:/ST/STM32CubeIDE_1.19.0/STM32CubeIDE/plugins/com.st.stm32cube.ide.mcu.externaltools.gnu-tools-for-stm32.13.3.rel1.win32_1.0.0.202411081344/tools/bin/../lib/gcc/arm-none-eabi/13.3.1/../../../../arm-none-eabi/lib/thumb/v7-m/nofp\libc_nano.a
LOAD C:/ST/STM32CubeIDE_1.19.0/STM32CubeIDE/plugins/com.st.stm32cube.ide.mcu.externaltools.gnu-tools-for-stm32.13.3.rel1.win32_1.0.0.202411081344/tools/bin/../lib/gcc/arm-none-eabi/13.3.1/../../../../arm-none-eabi/lib/thumb/v7-m/nofp\libnosys.a
END GROUP
LOAD C:/ST/STM32CubeIDE_1.19.0/STM32CubeIDE/plugins/com.st.stm32cube.ide.mcu.externaltools.gnu-tools-for-stm32.13.3.rel1.win32_1.0.0.202411081344/tools/bin/../lib/gcc/arm-none-eabi/13.3.1/thumb/v7-m/nofp/crtend.o
LOAD C:/ST/STM32CubeIDE_1.19.0/STM32CubeIDE/plugins/com.st.stm32cube.ide.mcu.externaltools.gnu-tools-for-stm32.13.3.rel1.win32_1.0.0.202411081344/tools/bin/../lib/gcc/arm-none-eabi/13.3.1/thumb/v7-m/nofp/crtn.o
                0x20002800                        _estack = (ORIGIN (RAM) + LENGTH (RAM))
                0x00000200                        _Min_Heap_Size = 0x200
                0x00000400                        _Min_Stack_Size = 0x400

.isr_vector     0x08000000      0x10c
                0x08000000                        . = ALIGN (0x4)
 *(.isr_vector)
 .isr_vector    0x08000000      0x10c ./Core/Startup/startup_stm32f103c6tx.o
                0x08000000                g_pfnVectors
                0x0800010c                        . = ALIGN (0x4)

.text           0x0800010c     0x2064
                0x0800010c                        . = ALIGN (0x4)
 *(.text)
 .text          0x0800010c       0x40 C:/ST/STM32CubeIDE_1.19.0/STM32CubeIDE/plugins/com.st.stm32cube.ide.mcu.externaltools.gnu-tools-for-stm32.13.3.rel1.win32_1.0.0.202411081344/tools/bin/../lib/gcc/arm-none-eabi/13.3.1/thumb/v7-m/nofp/crtbegin.o
 *(.text*)
 .text.set_timer
                0x0800014c       0x30 ./Core/Src/TimerSoftware.o
                0x0800014c                set_timer
 .text.run_timer
                0x0800017c       0x54 ./Core/Src/TimerSoftware.o
                0x0800017c                run_timer
 .text.display7SEG
                0x080001d0      0x31c ./Core/Src/exercise1.o
                0x080001d0                display7SEG
 .text.RESET_EN1
                0x080004ec       0x38 ./Core/Src/exercise1.o
                0x080004ec                RESET_EN1
 .text.RESET_EN0
                0x08000524       0x38 ./Core/Src/exercise1.o
                0x08000524                RESET_EN0
 .text.RESET_EN2
                0x0800055c       0x38 ./Core/Src/exercise1.o
                0x0800055c                RESET_EN2
 .text.RESET_EN3
                0x08000594       0x38 ./Core/Src/exercise1.o
                0x08000594                RESET_EN3
 .text.SET_ALL  0x080005cc       0x38 ./Core/Src/exercise1.o
                0x080005cc                SET_ALL
 .text.machine_state
                0x08000604       0xbc ./Core/Src/exercise1.o
                0x08000604                machine_state
 .text.main     0x080006c0       0x6c ./Core/Src/main.o
                0x080006c0                main
 .text.SystemClock_Config
                0x0800072c       0x76 ./Core/Src/main.o
                0x0800072c                SystemClock_Config
 *fill*         0x080007a2        0x2 
 .text.MX_TIM1_Init
                0x080007a4       0xa4 ./Core/Src/main.o
 .text.MX_TIM2_Init
                0x08000848       0x98 ./Core/Src/main.o
 .text.MX_GPIO_Init
                0x080008e0       0xa8 ./Core/Src/main.o
 .text.HAL_TIM_PeriodElapsedCallback
                0x08000988       0x24 ./Core/Src/main.o
                0x08000988                HAL_TIM_PeriodElapsedCallback
 .text.Error_Handler
                0x080009ac        0xc ./Core/Src/main.o
                0x080009ac                Error_Handler
 .text.HAL_MspInit
                0x080009b8       0x64 ./Core/Src/stm32f1xx_hal_msp.o
                0x080009b8                HAL_MspInit
 .text.HAL_TIM_Base_MspInit
                0x08000a1c       0x70 ./Core/Src/stm32f1xx_hal_msp.o
                0x08000a1c                HAL_TIM_Base_MspInit
 .text.NMI_Handler
                0x08000a8c        0x8 ./Core/Src/stm32f1xx_it.o
                0x08000a8c                NMI_Handler
 .text.HardFault_Handler
                0x08000a94        0x8 ./Core/Src/stm32f1xx_it.o
                0x08000a94                HardFault_Handler
 .text.MemManage_Handler
                0x08000a9c        0x8 ./Core/Src/stm32f1xx_it.o
                0x08000a9c                MemManage_Handler
 .text.BusFault_Handler
                0x08000aa4        0x8 ./Core/Src/stm32f1xx_it.o
                0x08000aa4                BusFault_Handler
 .text.UsageFault_Handler
                0x08000aac        0x8 ./Core/Src/stm32f1xx_it.o
                0x08000aac                UsageFault_Handler
 .text.SVC_Handler
                0x08000ab4        0xc ./Core/Src/stm32f1xx_it.o
                0x08000ab4                SVC_Handler
 .text.DebugMon_Handler
                0x08000ac0        0xc ./Core/Src/stm32f1xx_it.o
                0x08000ac0                DebugMon_Handler
 .text.PendSV_Handler
                0x08000acc        0xc ./Core/Src/stm32f1xx_it.o
                0x08000acc                PendSV_Handler
 .text.SysTick_Handler
                0x08000ad8        0xc ./Core/Src/stm32f1xx_it.o
                0x08000ad8                SysTick_Handler
 .text.TIM2_IRQHandler
                0x08000ae4       0x14 ./Core/Src/stm32f1xx_it.o
                0x08000ae4                TIM2_IRQHandler
 .text.SystemInit
                0x08000af8        0xc ./Core/Src/system_stm32f1xx.o
                0x08000af8                SystemInit
 .text.Reset_Handler
                0x08000b04       0x48 ./Core/Startup/startup_stm32f103c6tx.o
                0x08000b04                Reset_Handler
 .text.Default_Handler
                0x08000b4c        0x2 ./Core/Startup/startup_stm32f103c6tx.o
                0x08000b4c                RTC_Alarm_IRQHandler
                0x08000b4c                EXTI2_IRQHandler
                0x08000b4c                TIM1_CC_IRQHandler
                0x08000b4c                PVD_IRQHandler
                0x08000b4c                EXTI3_IRQHandler
                0x08000b4c                EXTI0_IRQHandler
                0x08000b4c                ADC1_2_IRQHandler
                0x08000b4c                SPI1_IRQHandler
                0x08000b4c                TAMPER_IRQHandler
                0x08000b4c                DMA1_Channel4_IRQHandler
                0x08000b4c                RTC_IRQHandler
                0x08000b4c                DMA1_Channel7_IRQHandler
                0x08000b4c                CAN1_RX1_IRQHandler
                0x08000b4c                I2C1_EV_IRQHandler
                0x08000b4c                DMA1_Channel6_IRQHandler
                0x08000b4c                TIM3_IRQHandler
                0x08000b4c                RCC_IRQHandler
                0x08000b4c                TIM1_TRG_COM_IRQHandler
                0x08000b4c                DMA1_Channel1_IRQHandler
                0x08000b4c                Default_Handler
                0x08000b4c                EXTI15_10_IRQHandler
                0x08000b4c                EXTI9_5_IRQHandler
                0x08000b4c                DMA1_Channel5_IRQHandler
                0x08000b4c                EXTI4_IRQHandler
                0x08000b4c                USB_LP_CAN1_RX0_IRQHandler
                0x08000b4c                USB_HP_CAN1_TX_IRQHandler
                0x08000b4c                DMA1_Channel3_IRQHandler
                0x08000b4c                TIM1_UP_IRQHandler
                0x08000b4c                WWDG_IRQHandler
                0x08000b4c                TIM1_BRK_IRQHandler
                0x08000b4c                EXTI1_IRQHandler
                0x08000b4c                USART2_IRQHandler
                0x08000b4c                DMA1_Channel2_IRQHandler
                0x08000b4c                CAN1_SCE_IRQHandler
                0x08000b4c                FLASH_IRQHandler
                0x08000b4c                USART1_IRQHandler
                0x08000b4c                I2C1_ER_IRQHandler
                0x08000b4c                USBWakeUp_IRQHandler
 *fill*         0x08000b4e        0x2 
 .text.HAL_Init
                0x08000b50       0x2c ./Drivers/STM32F1xx_HAL_Driver/Src/stm32f1xx_hal.o
                0x08000b50                HAL_Init
 .text.HAL_InitTick
                0x08000b7c       0x60 ./Drivers/STM32F1xx_HAL_Driver/Src/stm32f1xx_hal.o
                0x08000b7c                HAL_InitTick
 .text.HAL_IncTick
                0x08000bdc       0x24 ./Drivers/STM32F1xx_HAL_Driver/Src/stm32f1xx_hal.o
                0x08000bdc                HAL_IncTick
 .text.HAL_GetTick
                0x08000c00       0x14 ./Drivers/STM32F1xx_HAL_Driver/Src/stm32f1xx_hal.o
                0x08000c00                HAL_GetTick
 .text.__NVIC_SetPriorityGrouping
                0x08000c14       0x48 ./Drivers/STM32F1xx_HAL_Driver/Src/stm32f1xx_hal_cortex.o
 .text.__NVIC_GetPriorityGrouping
                0x08000c5c       0x1c ./Drivers/STM32F1xx_HAL_Driver/Src/stm32f1xx_hal_cortex.o
 .text.__NVIC_EnableIRQ
                0x08000c78       0x38 ./Drivers/STM32F1xx_HAL_Driver/Src/stm32f1xx_hal_cortex.o
 .text.__NVIC_SetPriority
                0x08000cb0       0x54 ./Drivers/STM32F1xx_HAL_Driver/Src/stm32f1xx_hal_cortex.o
 .text.NVIC_EncodePriority
                0x08000d04       0x64 ./Drivers/STM32F1xx_HAL_Driver/Src/stm32f1xx_hal_cortex.o
 .text.SysTick_Config
                0x08000d68       0x44 ./Drivers/STM32F1xx_HAL_Driver/Src/stm32f1xx_hal_cortex.o
 .text.HAL_NVIC_SetPriorityGrouping
                0x08000dac       0x16 ./Drivers/STM32F1xx_HAL_Driver/Src/stm32f1xx_hal_cortex.o
                0x08000dac                HAL_NVIC_SetPriorityGrouping
 .text.HAL_NVIC_SetPriority
                0x08000dc2       0x38 ./Drivers/STM32F1xx_HAL_Driver/Src/stm32f1xx_hal_cortex.o
                0x08000dc2                HAL_NVIC_SetPriority
 .text.HAL_NVIC_EnableIRQ
                0x08000dfa       0x1c ./Drivers/STM32F1xx_HAL_Driver/Src/stm32f1xx_hal_cortex.o
                0x08000dfa                HAL_NVIC_EnableIRQ
 .text.HAL_SYSTICK_Config
                0x08000e16       0x18 ./Drivers/STM32F1xx_HAL_Driver/Src/stm32f1xx_hal_cortex.o
                0x08000e16                HAL_SYSTICK_Config
 *fill*         0x08000e2e        0x2 
 .text.HAL_GPIO_Init
                0x08000e30      0x2f8 ./Drivers/STM32F1xx_HAL_Driver/Src/stm32f1xx_hal_gpio.o
                0x08000e30                HAL_GPIO_Init
 .text.HAL_GPIO_WritePin
                0x08001128       0x30 ./Drivers/STM32F1xx_HAL_Driver/Src/stm32f1xx_hal_gpio.o
                0x08001128                HAL_GPIO_WritePin
 .text.HAL_GPIO_TogglePin
                0x08001158       0x32 ./Drivers/STM32F1xx_HAL_Driver/Src/stm32f1xx_hal_gpio.o
                0x08001158                HAL_GPIO_TogglePin
 *fill*         0x0800118a        0x2 
 .text.HAL_RCC_OscConfig
                0x0800118c      0x504 ./Drivers/STM32F1xx_HAL_Driver/Src/stm32f1xx_hal_rcc.o
                0x0800118c                HAL_RCC_OscConfig
 .text.HAL_RCC_ClockConfig
                0x08001690      0x1d4 ./Drivers/STM32F1xx_HAL_Driver/Src/stm32f1xx_hal_rcc.o
                0x08001690                HAL_RCC_ClockConfig
 .text.HAL_RCC_GetSysClockFreq
                0x08001864       0xa8 ./Drivers/STM32F1xx_HAL_Driver/Src/stm32f1xx_hal_rcc.o
                0x08001864                HAL_RCC_GetSysClockFreq
 .text.RCC_Delay
                0x0800190c       0x3c ./Drivers/STM32F1xx_HAL_Driver/Src/stm32f1xx_hal_rcc.o
 .text.HAL_TIM_Base_Init
                0x08001948       0x9e ./Drivers/STM32F1xx_HAL_Driver/Src/stm32f1xx_hal_tim.o
                0x08001948                HAL_TIM_Base_Init
 *fill*         0x080019e6        0x2 
 .text.HAL_TIM_Base_Start_IT
                0x080019e8       0x98 ./Drivers/STM32F1xx_HAL_Driver/Src/stm32f1xx_hal_tim.o
                0x080019e8                HAL_TIM_Base_Start_IT
 .text.HAL_TIM_IRQHandler
                0x08001a80      0x1e0 ./Drivers/STM32F1xx_HAL_Driver/Src/stm32f1xx_hal_tim.o
                0x08001a80                HAL_TIM_IRQHandler
 .text.HAL_TIM_ConfigClockSource
                0x08001c60      0x18e ./Drivers/STM32F1xx_HAL_Driver/Src/stm32f1xx_hal_tim.o
                0x08001c60                HAL_TIM_ConfigClockSource
 .text.HAL_TIM_OC_DelayElapsedCallback
                0x08001dee       0x12 ./Drivers/STM32F1xx_HAL_Driver/Src/stm32f1xx_hal_tim.o
                0x08001dee                HAL_TIM_OC_DelayElapsedCallback
 .text.HAL_TIM_IC_CaptureCallback
                0x08001e00       0x12 ./Drivers/STM32F1xx_HAL_Driver/Src/stm32f1xx_hal_tim.o
                0x08001e00                HAL_TIM_IC_CaptureCallback
 .text.HAL_TIM_PWM_PulseFinishedCallback
                0x08001e12       0x12 ./Drivers/STM32F1xx_HAL_Driver/Src/stm32f1xx_hal_tim.o
                0x08001e12                HAL_TIM_PWM_PulseFinishedCallback
 .text.HAL_TIM_TriggerCallback
                0x08001e24       0x12 ./Drivers/STM32F1xx_HAL_Driver/Src/stm32f1xx_hal_tim.o
                0x08001e24                HAL_TIM_TriggerCallback
 *fill*         0x08001e36        0x2 
 .text.TIM_Base_SetConfig
                0x08001e38       0xc8 ./Drivers/STM32F1xx_HAL_Driver/Src/stm32f1xx_hal_tim.o
                0x08001e38                TIM_Base_SetConfig
 .text.TIM_TI1_ConfigInputStage
                0x08001f00       0x5c ./Drivers/STM32F1xx_HAL_Driver/Src/stm32f1xx_hal_tim.o
 .text.TIM_TI2_ConfigInputStage
                0x08001f5c       0x5e ./Drivers/STM32F1xx_HAL_Driver/Src/stm32f1xx_hal_tim.o
 .text.TIM_ITRx_SetConfig
                0x08001fba       0x34 ./Drivers/STM32F1xx_HAL_Driver/Src/stm32f1xx_hal_tim.o
 .text.TIM_ETR_SetConfig
                0x08001fee       0x3e ./Drivers/STM32F1xx_HAL_Driver/Src/stm32f1xx_hal_tim.o
                0x08001fee                TIM_ETR_SetConfig
 .text.HAL_TIMEx_MasterConfigSynchronization
                0x0800202c       0xb0 ./Drivers/STM32F1xx_HAL_Driver/Src/stm32f1xx_hal_tim_ex.o
                0x0800202c                HAL_TIMEx_MasterConfigSynchronization
 .text.HAL_TIMEx_CommutCallback
                0x080020dc       0x12 ./Drivers/STM32F1xx_HAL_Driver/Src/stm32f1xx_hal_tim_ex.o
                0x080020dc                HAL_TIMEx_CommutCallback
 .text.HAL_TIMEx_BreakCallback
                0x080020ee       0x12 ./Drivers/STM32F1xx_HAL_Driver/Src/stm32f1xx_hal_tim_ex.o
                0x080020ee                HAL_TIMEx_BreakCallback
 .text.memset   0x08002100       0x10 C:/ST/STM32CubeIDE_1.19.0/STM32CubeIDE/plugins/com.st.stm32cube.ide.mcu.externaltools.gnu-tools-for-stm32.13.3.rel1.win32_1.0.0.202411081344/tools/bin/../lib/gcc/arm-none-eabi/13.3.1/../../../../arm-none-eabi/lib/thumb/v7-m/nofp\libc_nano.a(libc_a-memset.o)
                0x08002100                memset
 .text.__libc_init_array
                0x08002110       0x48 C:/ST/STM32CubeIDE_1.19.0/STM32CubeIDE/plugins/com.st.stm32cube.ide.mcu.externaltools.gnu-tools-for-stm32.13.3.rel1.win32_1.0.0.202411081344/tools/bin/../lib/gcc/arm-none-eabi/13.3.1/../../../../arm-none-eabi/lib/thumb/v7-m/nofp\libc_nano.a(libc_a-init.o)
                0x08002110                __libc_init_array
 *(.glue_7)
 .glue_7        0x08002158        0x0 linker stubs
 *(.glue_7t)
 .glue_7t       0x08002158        0x0 linker stubs
 *(.eh_frame)
 .eh_frame      0x08002158        0x0 C:/ST/STM32CubeIDE_1.19.0/STM32CubeIDE/plugins/com.st.stm32cube.ide.mcu.externaltools.gnu-tools-for-stm32.13.3.rel1.win32_1.0.0.202411081344/tools/bin/../lib/gcc/arm-none-eabi/13.3.1/thumb/v7-m/nofp/crtbegin.o
 *(.init)
 .init          0x08002158        0x4 C:/ST/STM32CubeIDE_1.19.0/STM32CubeIDE/plugins/com.st.stm32cube.ide.mcu.externaltools.gnu-tools-for-stm32.13.3.rel1.win32_1.0.0.202411081344/tools/bin/../lib/gcc/arm-none-eabi/13.3.1/thumb/v7-m/nofp/crti.o
                0x08002158                _init
 .init          0x0800215c        0x8 C:/ST/STM32CubeIDE_1.19.0/STM32CubeIDE/plugins/com.st.stm32cube.ide.mcu.externaltools.gnu-tools-for-stm32.13.3.rel1.win32_1.0.0.202411081344/tools/bin/../lib/gcc/arm-none-eabi/13.3.1/thumb/v7-m/nofp/crtn.o
 *(.fini)
 .fini          0x08002164        0x4 C:/ST/STM32CubeIDE_1.19.0/STM32CubeIDE/plugins/com.st.stm32cube.ide.mcu.externaltools.gnu-tools-for-stm32.13.3.rel1.win32_1.0.0.202411081344/tools/bin/../lib/gcc/arm-none-eabi/13.3.1/thumb/v7-m/nofp/crti.o
                0x08002164                _fini
 .fini          0x08002168        0x8 C:/ST/STM32CubeIDE_1.19.0/STM32CubeIDE/plugins/com.st.stm32cube.ide.mcu.externaltools.gnu-tools-for-stm32.13.3.rel1.win32_1.0.0.202411081344/tools/bin/../lib/gcc/arm-none-eabi/13.3.1/thumb/v7-m/nofp/crtn.o
                0x08002170                        . = ALIGN (0x4)
                0x08002170                        _etext = .

.vfp11_veneer   0x08002170        0x0
 .vfp11_veneer  0x08002170        0x0 linker stubs

.v4_bx          0x08002170        0x0
 .v4_bx         0x08002170        0x0 linker stubs

.iplt           0x08002170        0x0
 .iplt          0x08002170        0x0 C:/ST/STM32CubeIDE_1.19.0/STM32CubeIDE/plugins/com.st.stm32cube.ide.mcu.externaltools.gnu-tools-for-stm32.13.3.rel1.win32_1.0.0.202411081344/tools/bin/../lib/gcc/arm-none-eabi/13.3.1/thumb/v7-m/nofp/crtbegin.o

.rodata         0x08002170       0x24
                0x08002170                        . = ALIGN (0x4)
 *(.rodata)
 *(.rodata*)
 .rodata.AHBPrescTable
                0x08002170       0x10 ./Core/Src/system_stm32f1xx.o
                0x08002170                AHBPrescTable
 .rodata.aPLLMULFactorTable.1
                0x08002180       0x10 ./Drivers/STM32F1xx_HAL_Driver/Src/stm32f1xx_hal_rcc.o
 .rodata.aPredivFactorTable.0
                0x08002190        0x2 ./Drivers/STM32F1xx_HAL_Driver/Src/stm32f1xx_hal_rcc.o
                0x08002194                        . = ALIGN (0x4)
 *fill*         0x08002192        0x2 

.ARM.extab      0x08002194        0x0
                0x08002194                        . = ALIGN (0x4)
 *(.ARM.extab* .gnu.linkonce.armextab.*)
                0x08002194                        . = ALIGN (0x4)

.ARM            0x08002194        0x0
                0x08002194                        . = ALIGN (0x4)
                0x08002194                        __exidx_start = .
 *(.ARM.exidx*)
                0x08002194                        __exidx_end = .
                0x08002194                        . = ALIGN (0x4)

.preinit_array  0x08002194        0x0
                0x08002194                        . = ALIGN (0x4)
                0x08002194                        PROVIDE (__preinit_array_start = .)
 *(.preinit_array*)
                0x08002194                        PROVIDE (__preinit_array_end = .)
                0x08002194                        . = ALIGN (0x4)

.init_array     0x08002194        0x4
                0x08002194                        . = ALIGN (0x4)
                0x08002194                        PROVIDE (__init_array_start = .)
 *(SORT_BY_NAME(.init_array.*))
 *(.init_array*)
 .init_array    0x08002194        0x4 C:/ST/STM32CubeIDE_1.19.0/STM32CubeIDE/plugins/com.st.stm32cube.ide.mcu.externaltools.gnu-tools-for-stm32.13.3.rel1.win32_1.0.0.202411081344/tools/bin/../lib/gcc/arm-none-eabi/13.3.1/thumb/v7-m/nofp/crtbegin.o
                0x08002198                        PROVIDE (__init_array_end = .)
                0x08002198                        . = ALIGN (0x4)

.fini_array     0x08002198        0x4
                0x08002198                        . = ALIGN (0x4)
                [!provide]                        PROVIDE (__fini_array_start = .)
 *(SORT_BY_NAME(.fini_array.*))
 *(.fini_array*)
 .fini_array    0x08002198        0x4 C:/ST/STM32CubeIDE_1.19.0/STM32CubeIDE/plugins/com.st.stm32cube.ide.mcu.externaltools.gnu-tools-for-stm32.13.3.rel1.win32_1.0.0.202411081344/tools/bin/../lib/gcc/arm-none-eabi/13.3.1/thumb/v7-m/nofp/crtbegin.o
                [!provide]                        PROVIDE (__fini_array_end = .)
                0x0800219c                        . = ALIGN (0x4)
                0x0800219c                        _sidata = LOADADDR (.data)

.rel.dyn        0x0800219c        0x0
 .rel.iplt      0x0800219c        0x0 C:/ST/STM32CubeIDE_1.19.0/STM32CubeIDE/plugins/com.st.stm32cube.ide.mcu.externaltools.gnu-tools-for-stm32.13.3.rel1.win32_1.0.0.202411081344/tools/bin/../lib/gcc/arm-none-eabi/13.3.1/thumb/v7-m/nofp/crtbegin.o

.data           0x20000000        0xc load address 0x0800219c
                0x20000000                        . = ALIGN (0x4)
                0x20000000                        _sdata = .
 *(.data)
 *(.data*)
 .data.SystemCoreClock
                0x20000000        0x4 ./Core/Src/system_stm32f1xx.o
                0x20000000                SystemCoreClock
 .data.uwTickPrio
                0x20000004        0x4 ./Drivers/STM32F1xx_HAL_Driver/Src/stm32f1xx_hal.o
                0x20000004                uwTickPrio
 .data.uwTickFreq
                0x20000008        0x1 ./Drivers/STM32F1xx_HAL_Driver/Src/stm32f1xx_hal.o
                0x20000008                uwTickFreq
 *(.RamFunc)
 *(.RamFunc*)
                0x2000000c                        . = ALIGN (0x4)
 *fill*         0x20000009        0x3 
                0x2000000c                        _edata = .

.igot.plt       0x2000000c        0x0 load address 0x080021a8
 .igot.plt      0x2000000c        0x0 C:/ST/STM32CubeIDE_1.19.0/STM32CubeIDE/plugins/com.st.stm32cube.ide.mcu.externaltools.gnu-tools-for-stm32.13.3.rel1.win32_1.0.0.202411081344/tools/bin/../lib/gcc/arm-none-eabi/13.3.1/thumb/v7-m/nofp/crtbegin.o
                0x2000000c                        . = ALIGN (0x4)

.bss            0x2000000c       0xc4 load address 0x080021a8
                0x2000000c                        _sbss = .
                0x2000000c                        __bss_start__ = _sbss
 *(.bss)
 .bss           0x2000000c       0x1c C:/ST/STM32CubeIDE_1.19.0/STM32CubeIDE/plugins/com.st.stm32cube.ide.mcu.externaltools.gnu-tools-for-stm32.13.3.rel1.win32_1.0.0.202411081344/tools/bin/../lib/gcc/arm-none-eabi/13.3.1/thumb/v7-m/nofp/crtbegin.o
 *(.bss*)
 .bss.count_timer
                0x20000028        0x8 ./Core/Src/TimerSoftware.o
                0x20000028                count_timer
 .bss.reg_flag  0x20000030        0x8 ./Core/Src/TimerSoftware.o
                0x20000030                reg_flag
 .bss.state     0x20000038        0x4 ./Core/Src/exercise1.o
                0x20000038                state
 .bss.htim1     0x2000003c       0x48 ./Core/Src/main.o
                0x2000003c                htim1
 .bss.htim2     0x20000084       0x48 ./Core/Src/main.o
                0x20000084                htim2
 .bss.uwTick    0x200000cc        0x4 ./Drivers/STM32F1xx_HAL_Driver/Src/stm32f1xx_hal.o
                0x200000cc                uwTick
 *(COMMON)
                0x200000d0                        . = ALIGN (0x4)
                0x200000d0                        _ebss = .
                0x200000d0                        __bss_end__ = _ebss

._user_heap_stack
                0x200000d0      0x600 load address 0x080021a8
                0x200000d0                        . = ALIGN (0x8)
                [!provide]                        PROVIDE (end = .)
                0x200000d0                        PROVIDE (_end = .)
                0x200002d0                        . = (. + _Min_Heap_Size)
 *fill*         0x200000d0      0x200 
                0x200006d0                        . = (. + _Min_Stack_Size)
 *fill*         0x200002d0      0x400 
                0x200006d0                        . = ALIGN (0x8)

/DISCARD/
 libc.a(*)
 libm.a(*)
 libgcc.a(*)

.ARM.attributes
                0x00000000       0x29
 *(.ARM.attributes)
 .ARM.attributes
                0x00000000       0x1d C:/ST/STM32CubeIDE_1.19.0/STM32CubeIDE/plugins/com.st.stm32cube.ide.mcu.externaltools.gnu-tools-for-stm32.13.3.rel1.win32_1.0.0.202411081344/tools/bin/../lib/gcc/arm-none-eabi/13.3.1/thumb/v7-m/nofp/crti.o
 .ARM.attributes
                0x0000001d       0x2d C:/ST/STM32CubeIDE_1.19.0/STM32CubeIDE/plugins/com.st.stm32cube.ide.mcu.externaltools.gnu-tools-for-stm32.13.3.rel1.win32_1.0.0.202411081344/tools/bin/../lib/gcc/arm-none-eabi/13.3.1/thumb/v7-m/nofp/crtbegin.o
 .ARM.attributes
                0x0000004a       0x2d ./Core/Src/TimerSoftware.o
 .ARM.attributes
                0x00000077       0x2d ./Core/Src/exercise1.o
 .ARM.attributes
                0x000000a4       0x2d ./Core/Src/main.o
 .ARM.attributes
                0x000000d1       0x2d ./Core/Src/stm32f1xx_hal_msp.o
 .ARM.attributes
                0x000000fe       0x2d ./Core/Src/stm32f1xx_it.o
 .ARM.attributes
                0x0000012b       0x2d ./Core/Src/system_stm32f1xx.o
 .ARM.attributes
                0x00000158       0x21 ./Core/Startup/startup_stm32f103c6tx.o
 .ARM.attributes
                0x00000179       0x2d ./Drivers/STM32F1xx_HAL_Driver/Src/stm32f1xx_hal.o
 .ARM.attributes
                0x000001a6       0x2d ./Drivers/STM32F1xx_HAL_Driver/Src/stm32f1xx_hal_cortex.o
 .ARM.attributes
                0x000001d3       0x2d ./Drivers/STM32F1xx_HAL_Driver/Src/stm32f1xx_hal_gpio.o
 .ARM.attributes
                0x00000200       0x2d ./Drivers/STM32F1xx_HAL_Driver/Src/stm32f1xx_hal_rcc.o
 .ARM.attributes
                0x0000022d       0x2d ./Drivers/STM32F1xx_HAL_Driver/Src/stm32f1xx_hal_tim.o
 .ARM.attributes
                0x0000025a       0x2d ./Drivers/STM32F1xx_HAL_Driver/Src/stm32f1xx_hal_tim_ex.o
 .ARM.attributes
                0x00000287       0x2d C:/ST/STM32CubeIDE_1.19.0/STM32CubeIDE/plugins/com.st.stm32cube.ide.mcu.externaltools.gnu-tools-for-stm32.13.3.rel1.win32_1.0.0.202411081344/tools/bin/../lib/gcc/arm-none-eabi/13.3.1/../../../../arm-none-eabi/lib/thumb/v7-m/nofp\libc_nano.a(libc_a-memset.o)
 .ARM.attributes
                0x000002b4       0x2d C:/ST/STM32CubeIDE_1.19.0/STM32CubeIDE/plugins/com.st.stm32cube.ide.mcu.externaltools.gnu-tools-for-stm32.13.3.rel1.win32_1.0.0.202411081344/tools/bin/../lib/gcc/arm-none-eabi/13.3.1/../../../../arm-none-eabi/lib/thumb/v7-m/nofp\libc_nano.a(libc_a-init.o)
 .ARM.attributes
                0x000002e1       0x1d C:/ST/STM32CubeIDE_1.19.0/STM32CubeIDE/plugins/com.st.stm32cube.ide.mcu.externaltools.gnu-tools-for-stm32.13.3.rel1.win32_1.0.0.202411081344/tools/bin/../lib/gcc/arm-none-eabi/13.3.1/thumb/v7-m/nofp/crtn.o
OUTPUT(lab2.elf elf32-littlearm)
LOAD linker stubs
LOAD C:/ST/STM32CubeIDE_1.19.0/STM32CubeIDE/plugins/com.st.stm32cube.ide.mcu.externaltools.gnu-tools-for-stm32.13.3.rel1.win32_1.0.0.202411081344/tools/bin/../lib/gcc/arm-none-eabi/13.3.1/../../../../arm-none-eabi/lib/thumb/v7-m/nofp\libc.a
LOAD C:/ST/STM32CubeIDE_1.19.0/STM32CubeIDE/plugins/com.st.stm32cube.ide.mcu.externaltools.gnu-tools-for-stm32.13.3.rel1.win32_1.0.0.202411081344/tools/bin/../lib/gcc/arm-none-eabi/13.3.1/../../../../arm-none-eabi/lib/thumb/v7-m/nofp\libm.a
LOAD C:/ST/STM32CubeIDE_1.19.0/STM32CubeIDE/plugins/com.st.stm32cube.ide.mcu.externaltools.gnu-tools-for-stm32.13.3.rel1.win32_1.0.0.202411081344/tools/bin/../lib/gcc/arm-none-eabi/13.3.1/thumb/v7-m/nofp\libgcc.a

.debug_info     0x00000000     0x7dcc
 .debug_info    0x00000000       0xd0 ./Core/Src/TimerSoftware.o
 .debug_info    0x000000d0      0x213 ./Core/Src/exercise1.o
 .debug_info    0x000002e3      0xbfd ./Core/Src/main.o
 .debug_info    0x00000ee0      0x936 ./Core/Src/stm32f1xx_hal_msp.o
 .debug_info    0x00001816      0x6a1 ./Core/Src/stm32f1xx_it.o
 .debug_info    0x00001eb7      0x222 ./Core/Src/system_stm32f1xx.o
 .debug_info    0x000020d9       0x30 ./Core/Startup/startup_stm32f103c6tx.o
 .debug_info    0x00002109      0x6e6 ./Drivers/STM32F1xx_HAL_Driver/Src/stm32f1xx_hal.o
 .debug_info    0x000027ef      0xa69 ./Drivers/STM32F1xx_HAL_Driver/Src/stm32f1xx_hal_cortex.o
 .debug_info    0x00003258      0x5ab ./Drivers/STM32F1xx_HAL_Driver/Src/stm32f1xx_hal_gpio.o
 .debug_info    0x00003803      0x7d5 ./Drivers/STM32F1xx_HAL_Driver/Src/stm32f1xx_hal_rcc.o
 .debug_info    0x00003fd8     0x2959 ./Drivers/STM32F1xx_HAL_Driver/Src/stm32f1xx_hal_tim.o
 .debug_info    0x00006931     0x149b ./Drivers/STM32F1xx_HAL_Driver/Src/stm32f1xx_hal_tim_ex.o

.debug_abbrev   0x00000000     0x17d0
 .debug_abbrev  0x00000000       0xc3 ./Core/Src/TimerSoftware.o
 .debug_abbrev  0x000000c3      0x138 ./Core/Src/exercise1.o
 .debug_abbrev  0x000001fb      0x2c5 ./Core/Src/main.o
 .debug_abbrev  0x000004c0      0x1ad ./Core/Src/stm32f1xx_hal_msp.o
 .debug_abbrev  0x0000066d      0x191 ./Core/Src/stm32f1xx_it.o
 .debug_abbrev  0x000007fe      0x13f ./Core/Src/system_stm32f1xx.o
 .debug_abbrev  0x0000093d       0x24 ./Core/Startup/startup_stm32f103c6tx.o
 .debug_abbrev  0x00000961      0x201 ./Drivers/STM32F1xx_HAL_Driver/Src/stm32f1xx_hal.o
 .debug_abbrev  0x00000b62      0x2f8 ./Drivers/STM32F1xx_HAL_Driver/Src/stm32f1xx_hal_cortex.o
 .debug_abbrev  0x00000e5a      0x1ca ./Drivers/STM32F1xx_HAL_Driver/Src/stm32f1xx_hal_gpio.o
 .debug_abbrev  0x00001024      0x2b3 ./Drivers/STM32F1xx_HAL_Driver/Src/stm32f1xx_hal_rcc.o
 .debug_abbrev  0x000012d7      0x277 ./Drivers/STM32F1xx_HAL_Driver/Src/stm32f1xx_hal_tim.o
 .debug_abbrev  0x0000154e      0x282 ./Drivers/STM32F1xx_HAL_Driver/Src/stm32f1xx_hal_tim_ex.o

.debug_aranges  0x00000000      0x9b0
 .debug_aranges
                0x00000000       0x28 ./Core/Src/TimerSoftware.o
 .debug_aranges
                0x00000028       0x50 ./Core/Src/exercise1.o
 .debug_aranges
                0x00000078       0x50 ./Core/Src/main.o
 .debug_aranges
                0x000000c8       0x30 ./Core/Src/stm32f1xx_hal_msp.o
 .debug_aranges
                0x000000f8       0x68 ./Core/Src/stm32f1xx_it.o
 .debug_aranges
                0x00000160       0x28 ./Core/Src/system_stm32f1xx.o
 .debug_aranges
                0x00000188       0x28 ./Core/Startup/startup_stm32f103c6tx.o
 .debug_aranges
                0x000001b0       0xe0 ./Drivers/STM32F1xx_HAL_Driver/Src/stm32f1xx_hal.o
 .debug_aranges
                0x00000290      0x100 ./Drivers/STM32F1xx_HAL_Driver/Src/stm32f1xx_hal_cortex.o
 .debug_aranges
                0x00000390       0x58 ./Drivers/STM32F1xx_HAL_Driver/Src/stm32f1xx_hal_gpio.o
 .debug_aranges
                0x000003e8       0x90 ./Drivers/STM32F1xx_HAL_Driver/Src/stm32f1xx_hal_rcc.o
 .debug_aranges
                0x00000478      0x3d0 ./Drivers/STM32F1xx_HAL_Driver/Src/stm32f1xx_hal_tim.o
 .debug_aranges
                0x00000848      0x168 ./Drivers/STM32F1xx_HAL_Driver/Src/stm32f1xx_hal_tim_ex.o

.debug_rnglists
                0x00000000      0x76f
 .debug_rnglists
                0x00000000       0x19 ./Core/Src/TimerSoftware.o
 .debug_rnglists
                0x00000019       0x39 ./Core/Src/exercise1.o
 .debug_rnglists
                0x00000052       0x3a ./Core/Src/main.o
 .debug_rnglists
                0x0000008c       0x1f ./Core/Src/stm32f1xx_hal_msp.o
 .debug_rnglists
                0x000000ab       0x49 ./Core/Src/stm32f1xx_it.o
 .debug_rnglists
                0x000000f4       0x1a ./Core/Src/system_stm32f1xx.o
 .debug_rnglists
                0x0000010e       0x19 ./Core/Startup/startup_stm32f103c6tx.o
 .debug_rnglists
                0x00000127       0xa3 ./Drivers/STM32F1xx_HAL_Driver/Src/stm32f1xx_hal.o
 .debug_rnglists
                0x000001ca       0xbb ./Drivers/STM32F1xx_HAL_Driver/Src/stm32f1xx_hal_cortex.o
 .debug_rnglists
                0x00000285       0x3f ./Drivers/STM32F1xx_HAL_Driver/Src/stm32f1xx_hal_gpio.o
 .debug_rnglists
                0x000002c4       0x6c ./Drivers/STM32F1xx_HAL_Driver/Src/stm32f1xx_hal_rcc.o
 .debug_rnglists
                0x00000330      0x31a ./Drivers/STM32F1xx_HAL_Driver/Src/stm32f1xx_hal_tim.o
 .debug_rnglists
                0x0000064a      0x125 ./Drivers/STM32F1xx_HAL_Driver/Src/stm32f1xx_hal_tim_ex.o

.debug_macro    0x00000000    0x164cb
 .debug_macro   0x00000000       0x1b ./Core/Src/TimerSoftware.o
 .debug_macro   0x0000001b      0xacc ./Core/Src/TimerSoftware.o
 .debug_macro   0x00000ae7      0x1b0 ./Core/Src/exercise1.o
 .debug_macro   0x00000c97      0x215 ./Core/Src/exercise1.o
 .debug_macro   0x00000eac       0x2e ./Core/Src/exercise1.o
 .debug_macro   0x00000eda       0x22 ./Core/Src/exercise1.o
 .debug_macro   0x00000efc       0x22 ./Core/Src/exercise1.o
 .debug_macro   0x00000f1e       0x8e ./Core/Src/exercise1.o
 .debug_macro   0x00000fac       0x51 ./Core/Src/exercise1.o
 .debug_macro   0x00000ffd      0x103 ./Core/Src/exercise1.o
 .debug_macro   0x00001100       0x6a ./Core/Src/exercise1.o
 .debug_macro   0x0000116a      0x1df ./Core/Src/exercise1.o
 .debug_macro   0x00001349       0x1c ./Core/Src/exercise1.o
 .debug_macro   0x00001365       0x22 ./Core/Src/exercise1.o
 .debug_macro   0x00001387       0xbd ./Core/Src/exercise1.o
 .debug_macro   0x00001444      0xd23 ./Core/Src/exercise1.o
 .debug_macro   0x00002167     0xde75 ./Core/Src/exercise1.o
 .debug_macro   0x0000ffdc       0x6d ./Core/Src/exercise1.o
 .debug_macro   0x00010049     0x34a2 ./Core/Src/exercise1.o
 .debug_macro   0x000134eb      0x190 ./Core/Src/exercise1.o
 .debug_macro   0x0001367b       0x5c ./Core/Src/exercise1.o
 .debug_macro   0x000136d7      0x5bc ./Core/Src/exercise1.o
 .debug_macro   0x00013c93      0x1b7 ./Core/Src/exercise1.o
 .debug_macro   0x00013e4a      0x1cb ./Core/Src/exercise1.o
 .debug_macro   0x00014015      0x114 ./Core/Src/exercise1.o
 .debug_macro   0x00014129      0x1b2 ./Core/Src/exercise1.o
 .debug_macro   0x000142db       0x27 ./Core/Src/exercise1.o
 .debug_macro   0x00014302      0x12f ./Core/Src/exercise1.o
 .debug_macro   0x00014431      0x1bc ./Core/Src/exercise1.o
 .debug_macro   0x000145ed       0x34 ./Core/Src/exercise1.o
 .debug_macro   0x00014621       0x3c ./Core/Src/exercise1.o
 .debug_macro   0x0001465d       0x57 ./Core/Src/exercise1.o
 .debug_macro   0x000146b4       0x87 ./Core/Src/exercise1.o
 .debug_macro   0x0001473b      0x183 ./Core/Src/exercise1.o
 .debug_macro   0x000148be      0x140 ./Core/Src/exercise1.o
 .debug_macro   0x000149fe      0x8ed ./Core/Src/exercise1.o
 .debug_macro   0x000152eb       0x69 ./Core/Src/exercise1.o
 .debug_macro   0x00015354       0xa0 ./Core/Src/exercise1.o
 .debug_macro   0x000153f4      0x1be ./Core/Src/main.o
 .debug_macro   0x000155b2      0x1a6 ./Core/Src/stm32f1xx_hal_msp.o
 .debug_macro   0x00015758      0x1b0 ./Core/Src/stm32f1xx_it.o
 .debug_macro   0x00015908      0x197 ./Core/Src/system_stm32f1xx.o
 .debug_macro   0x00015a9f      0x1bb ./Drivers/STM32F1xx_HAL_Driver/Src/stm32f1xx_hal.o
 .debug_macro   0x00015c5a      0x197 ./Drivers/STM32F1xx_HAL_Driver/Src/stm32f1xx_hal_cortex.o
 .debug_macro   0x00015df1      0x202 ./Drivers/STM32F1xx_HAL_Driver/Src/stm32f1xx_hal_gpio.o
 .debug_macro   0x00015ff3      0x1a9 ./Drivers/STM32F1xx_HAL_Driver/Src/stm32f1xx_hal_rcc.o
 .debug_macro   0x0001619c      0x198 ./Drivers/STM32F1xx_HAL_Driver/Src/stm32f1xx_hal_tim.o
 .debug_macro   0x00016334      0x197 ./Drivers/STM32F1xx_HAL_Driver/Src/stm32f1xx_hal_tim_ex.o

.debug_line     0x00000000     0xa198
 .debug_line    0x00000000       0xaa ./Core/Src/TimerSoftware.o
 .debug_line    0x000000aa      0x80f ./Core/Src/exercise1.o
 .debug_line    0x000008b9      0x89d ./Core/Src/main.o
 .debug_line    0x00001156      0x740 ./Core/Src/stm32f1xx_hal_msp.o
 .debug_line    0x00001896      0x7ab ./Core/Src/stm32f1xx_it.o
 .debug_line    0x00002041      0x763 ./Core/Src/system_stm32f1xx.o
 .debug_line    0x000027a4       0x78 ./Core/Startup/startup_stm32f103c6tx.o
 .debug_line    0x0000281c      0x994 ./Drivers/STM32F1xx_HAL_Driver/Src/stm32f1xx_hal.o
 .debug_line    0x000031b0      0xb5e ./Drivers/STM32F1xx_HAL_Driver/Src/stm32f1xx_hal_cortex.o
 .debug_line    0x00003d0e      0x9dc ./Drivers/STM32F1xx_HAL_Driver/Src/stm32f1xx_hal_gpio.o
 .debug_line    0x000046ea      0xe4d ./Drivers/STM32F1xx_HAL_Driver/Src/stm32f1xx_hal_rcc.o
 .debug_line    0x00005537     0x3439 ./Drivers/STM32F1xx_HAL_Driver/Src/stm32f1xx_hal_tim.o
 .debug_line    0x00008970     0x1828 ./Drivers/STM32F1xx_HAL_Driver/Src/stm32f1xx_hal_tim_ex.o

.debug_str      0x00000000    0x8213c
 .debug_str     0x00000000    0x8213c ./Core/Src/TimerSoftware.o
                               0x2e8d (size before relaxing)
 .debug_str     0x0008213c    0x7f9ee ./Core/Src/exercise1.o
 .debug_str     0x0008213c    0x8022d ./Core/Src/main.o
 .debug_str     0x0008213c    0x80172 ./Core/Src/stm32f1xx_hal_msp.o
 .debug_str     0x0008213c    0x7fead ./Core/Src/stm32f1xx_it.o
 .debug_str     0x0008213c    0x7f7c1 ./Core/Src/system_stm32f1xx.o
 .debug_str     0x0008213c       0x75 ./Core/Startup/startup_stm32f103c6tx.o
 .debug_str     0x0008213c    0x7feba ./Drivers/STM32F1xx_HAL_Driver/Src/stm32f1xx_hal.o
 .debug_str     0x0008213c    0x7fe06 ./Drivers/STM32F1xx_HAL_Driver/Src/stm32f1xx_hal_cortex.o
 .debug_str     0x0008213c    0x7fb47 ./Drivers/STM32F1xx_HAL_Driver/Src/stm32f1xx_hal_gpio.o
 .debug_str     0x0008213c    0x7fbf0 ./Drivers/STM32F1xx_HAL_Driver/Src/stm32f1xx_hal_rcc.o
 .debug_str     0x0008213c    0x80bf2 ./Drivers/STM32F1xx_HAL_Driver/Src/stm32f1xx_hal_tim.o
 .debug_str     0x0008213c    0x803fe ./Drivers/STM32F1xx_HAL_Driver/Src/stm32f1xx_hal_tim_ex.o

.comment        0x00000000       0x43
 .comment       0x00000000       0x43 ./Core/Src/TimerSoftware.o
                                 0x44 (size before relaxing)
 .comment       0x00000043       0x44 ./Core/Src/exercise1.o
 .comment       0x00000043       0x44 ./Core/Src/main.o
 .comment       0x00000043       0x44 ./Core/Src/stm32f1xx_hal_msp.o
 .comment       0x00000043       0x44 ./Core/Src/stm32f1xx_it.o
 .comment       0x00000043       0x44 ./Core/Src/system_stm32f1xx.o
 .comment       0x00000043       0x44 ./Drivers/STM32F1xx_HAL_Driver/Src/stm32f1xx_hal.o
 .comment       0x00000043       0x44 ./Drivers/STM32F1xx_HAL_Driver/Src/stm32f1xx_hal_cortex.o
 .comment       0x00000043       0x44 ./Drivers/STM32F1xx_HAL_Driver/Src/stm32f1xx_hal_gpio.o
 .comment       0x00000043       0x44 ./Drivers/STM32F1xx_HAL_Driver/Src/stm32f1xx_hal_rcc.o
 .comment       0x00000043       0x44 ./Drivers/STM32F1xx_HAL_Driver/Src/stm32f1xx_hal_tim.o
 .comment       0x00000043       0x44 ./Drivers/STM32F1xx_HAL_Driver/Src/stm32f1xx_hal_tim_ex.o

.debug_frame    0x00000000     0x2728
 .debug_frame   0x00000000       0x60 ./Core/Src/TimerSoftware.o
 .debug_frame   0x00000060       0xe0 ./Core/Src/exercise1.o
 .debug_frame   0x00000140       0xf8 ./Core/Src/main.o
 .debug_frame   0x00000238       0x80 ./Core/Src/stm32f1xx_hal_msp.o
 .debug_frame   0x000002b8      0x120 ./Core/Src/stm32f1xx_it.o
 .debug_frame   0x000003d8       0x58 ./Core/Src/system_stm32f1xx.o
 .debug_frame   0x00000430      0x334 ./Drivers/STM32F1xx_HAL_Driver/Src/stm32f1xx_hal.o
 .debug_frame   0x00000764      0x428 ./Drivers/STM32F1xx_HAL_Driver/Src/stm32f1xx_hal_cortex.o
 .debug_frame   0x00000b8c      0x14c ./Drivers/STM32F1xx_HAL_Driver/Src/stm32f1xx_hal_gpio.o
 .debug_frame   0x00000cd8      0x218 ./Drivers/STM32F1xx_HAL_Driver/Src/stm32f1xx_hal_rcc.o
 .debug_frame   0x00000ef0     0x11b4 ./Drivers/STM32F1xx_HAL_Driver/Src/stm32f1xx_hal_tim.o
 .debug_frame   0x000020a4      0x638 ./Drivers/STM32F1xx_HAL_Driver/Src/stm32f1xx_hal_tim_ex.o
 .debug_frame   0x000026dc       0x20 C:/ST/STM32CubeIDE_1.19.0/STM32CubeIDE/plugins/com.st.stm32cube.ide.mcu.externaltools.gnu-tools-for-stm32.13.3.rel1.win32_1.0.0.202411081344/tools/bin/../lib/gcc/arm-none-eabi/13.3.1/../../../../arm-none-eabi/lib/thumb/v7-m/nofp\libc_nano.a(libc_a-memset.o)
 .debug_frame   0x000026fc       0x2c C:/ST/STM32CubeIDE_1.19.0/STM32CubeIDE/plugins/com.st.stm32cube.ide.mcu.externaltools.gnu-tools-for-stm32.13.3.rel1.win32_1.0.0.202411081344/tools/bin/../lib/gcc/arm-none-eabi/13.3.1/../../../../arm-none-eabi/lib/thumb/v7-m/nofp\libc_nano.a(libc_a-init.o)

.debug_line_str
                0x00000000       0x59
 .debug_line_str
                0x00000000       0x59 ./Core/Startup/startup_stm32f103c6tx.o
